2026-05-22T00:44:19 Inicio enriquecimiento piloto. Filas: 99
2026-05-22T00:44:19 Procesando 1/99: Raffaella Cucina Napoletana | Sitio: http://www.raffaellacucina.cl/
2026-05-22T00:44:22 Procesando 2/99: Hambrientos & Sedientos Providencia | Sitio: https://www.hambrientoschile.cl/pedir
2026-05-22T00:44:25 Procesando 3/99: Aay Chabela Restaurant | Sitio: https://www.facebook.com/aychabelarestaurant/
2026-05-22T00:44:27 Procesando 4/99: Bar Santiago Vitacura | Sitio: https://barsantiago.cl/
2026-05-22T00:44:31 Procesando 5/99: CAOBA BAR | Sitio: https://caobabar.cl/
2026-05-22T00:44:33 Procesando 6/99: Restaurante Moray | Sitio: http://moray.cl/
2026-05-22T00:44:38 Procesando 7/99: Secretos de la Nona Chillán Casa Matriz Tienda 1 | Sitio: https://secretosdelanona.cl/
2026-05-22T00:44:43 Procesando 8/99: Kató Tasty Caos | Sitio: https://katotastycaos.cl/
2026-05-22T00:44:46 Procesando 9/99: Bar Prócer | Sitio: http://www.instagram.com/barprocer
2026-05-22T00:44:48 Procesando 10/99: Bar Porfirio | Sitio: https://barporfirio.com/
2026-05-22T00:44:50 Procesando 11/99: Margo la Dehesa | Sitio: http://www.margo.cl/
2026-05-22T00:44:54 Procesando 12/99: Barrica 94 | Sitio: http://www.barrica94.cl/
2026-05-22T00:44:58 Procesando 13/99: Punto País Restaurant | Sitio: https://www.puntopais.cl/
2026-05-22T00:45:04 Procesando 14/99: Pizzería Capri Resto Bar | Sitio: http://www.pizzeriacapri.cl/
2026-05-22T00:45:09 Procesando 15/99: Alemán Experto La Reina | Sitio: https://www.alemanexperto.cl/
2026-05-22T00:45:12 Procesando 16/99: Barra de Pickles | Sitio: http://www.barradepickles.cl/
2026-05-22T00:45:15 Procesando 17/99: El DUO | Sitio: https://www.elduorestaurant.cl/
2026-05-22T00:45:19 Procesando 18/99: La Cabrera Al Paso Egaña | Sitio: http://lacabreraalpaso.cl/
2026-05-22T00:45:21 Procesando 19/99: Kilú - Casa de Carnes | Sitio: https://www.kilucasadecarnes.cl/
2026-05-22T00:45:24 Procesando 20/99: Caleta La Reina | Sitio: https://www.caletalareina.cl/
2026-05-22T00:45:28 Procesando 21/99: Le Flaubert | Sitio: https://leflaubert.cl/
2026-05-22T00:45:32 Procesando 22/99: Fuego Di Vino | Sitio: http://www.fuegodivino.cl/
2026-05-22T00:45:35 Procesando 23/99: Bambinolli Restaurante | Sitio: https://www.instagram.com/bambinollirestaurante/
2026-05-22T00:45:37 Procesando 24/99: La Bottega Gandolini | Sitio: http://labottegagandolini.cl/
2026-05-22T00:45:42 Procesando 25/99: Estró Santiago | Sitio: http://www.instagram.com/estrosantiago
2026-05-22T00:45:44 Procesando 26/99: Chinito Dice | Sitio: https://flow.page/chinitodice?fbclid=PAZXh0bgNhZW0CMTEAAaaxsw8mGik9E_eBiWJJOUPh7fVcb24HKNgnD4W8RLzQupuUashdMyEfy9w_aem_Mo-6t576wmaFeoljx0EUHw
2026-05-22T00:45:47 Procesando 27/99: Kechua Vitacura | Sitio: https://kechuarestaurantes.cl/borderio/
2026-05-22T00:45:50 Procesando 28/99: Restaurant Mi Perú Curicó | Sitio: http://www.miperu.cl/
2026-05-22T00:45:55 Procesando 29/99: Vecchia Casa restobar | Sitio: https://vecchiacasarestobar.cl/
2026-05-22T00:46:01 Procesando 30/99: Casa del Barrio | Sitio: http://www.casadelbarrio.cl/
2026-05-22T00:46:07 Procesando 31/99: La Cocina de Gaby | Sitio: http://www.lacocinadegaby.com/
2026-05-22T00:46:13 Procesando 32/99: Tanaka La Dehesa | Sitio: https://tanaka.cl/la-dehesa/
2026-05-22T00:46:15 Procesando 33/99: Mi Casa Restaurante | Sitio: https://www.facebook.com/Mi-Casa-Restaurante-167038006818879/
2026-05-22T00:46:17 Procesando 34/99: Restorant el Castillo | Sitio: https://instagram.com/el.castillo.restaurante?igshid=YWJhMjlhZTc=
2026-05-22T00:46:19 Procesando 35/99: Nativo La Reina | Sitio: http://nativobar.cl/
2026-05-22T00:46:26 Procesando 36/99: Brasas Curicó | Sitio: http://www.brasascurico.cl/
2026-05-22T00:46:32 Procesando 37/99: Mister Fish La Reina | Sitio: http://www.misterfish.cl/
2026-05-22T00:46:36 Procesando 38/99: Restaurant Nan Fang La reina | Sitio: http://www.restaurantnanfang.cl/
2026-05-22T00:46:40 Procesando 39/99: Sabor X2 La Florida | Sitio: http://www.saborx2.cl/
2026-05-22T00:46:42 Procesando 40/99: Restaurante Peruano ENTRE MAR Y TIERRA | Sitio: http://www.entre-marytierra.cl/
2026-05-22T00:46:46 Procesando 41/99: Trattoria La Pasta | Sitio: https://cartas.horecaqr.com/c/trattorialapasta
2026-05-22T00:46:49 Procesando 42/99: Ay Mi Madre Restobar Providencia | Sitio: https://linktr.ee/Aymimadrecl
2026-05-22T00:46:54 Procesando 43/99: Majka bistro | Sitio: http://www.majka.bistro.cl/
2026-05-22T00:46:56 Procesando 44/99: Hijo del Sol Las condes | Sitio: https://www.instagram.com/hijodelsol.santiago/
2026-05-22T00:46:58 Procesando 45/99: El Zocalo Cocina Mexicana - Vitacura | Sitio: http://www.elzocalo.cl/
2026-05-22T00:47:02 Procesando 46/99: La Divina Comida | Sitio: https://www.ladivinacomida.cl/
2026-05-22T00:47:04 Procesando 47/99: Kiara Nikkei | Sitio: https://kiaranikkei.cl/
2026-05-22T00:47:07 Procesando 48/99: El Hoyo | Sitio: https://elhoyo1912.cl/
2026-05-22T00:47:12 Procesando 49/99: Tio Tomate La Dehesa | Sitio: http://tiotomate.cl/
2026-05-22T00:47:15 Procesando 50/99: Piccola Italia Plaza ñuñoa | Sitio: https://gour.media/la-piccola-italia/alameda/
2026-05-22T00:47:19 Procesando 51/99: Casa Sanz | Sitio: https://hotelbidasoa.cl/
2026-05-22T00:47:26 Procesando 52/99: Antonia Lounge | Sitio: https://barrioplazanunoa.cl/v2/2024/06/14/antonia-lounge/
2026-05-22T00:47:29 Procesando 53/99: APPA Restaurante | Sitio: https://toteat.app/r/cl/APPA---VITACURA/9255
2026-05-22T00:47:32 Procesando 54/99: TPM BAR Barrio Italia | Sitio: http://www.tpmbar.cl/
2026-05-22T00:47:36 Procesando 55/99: Santa Brasa Trapenses | Sitio: http://www.santabrasa.cl/
2026-05-22T00:47:38 Procesando 56/99: ¡Ay Mi Madre! Restobar Ñuñoa | Sitio: https://linktr.ee/Aymimadrecl
2026-05-22T00:47:40 Procesando 57/99: La Brava Restaurant | Sitio: https://rest.nuvy.cl/la-brava
2026-05-22T00:47:42 Procesando 58/99: Cassis Mall Arauco Chillán | Sitio: https://cassiscafe.com/
2026-05-22T00:47:45 Procesando 59/99: La Yunta Las Condes | Sitio: http://www.layunta.cl/
2026-05-22T00:47:47 Procesando 60/99: Ritrovo | Sitio: http://ritrovo.cl/
2026-05-22T00:47:49 Procesando 61/99: Mirá Vos - La Reina | Sitio: http://www.miravos.cl/
2026-05-22T00:47:55 Procesando 62/99: Volcano Restaurant | Sitio: http://www.volcanorestaurant.cl/
2026-05-22T00:47:58 Procesando 63/99: CABIMAS TASTY FOOD | Sitio: http://www.cabimastastyfood.cl/
2026-05-22T00:48:02 Procesando 64/99: Delfina Bistro | Sitio: https://www.instagram.com/delfina_bistro
2026-05-22T00:48:04 Procesando 65/99: Vita Wines House, Casa de vinos | Sitio: https://vitawines.cl/
2026-05-22T00:48:06 Procesando 66/99: Pal´Mar Restaurant | Sitio: http://www.palmarr.com/
2026-05-22T00:48:10 Procesando 67/99: Bertazzo Trattoria | Sitio: https://linktr.ee/bertazzo
2026-05-22T00:48:15 Procesando 68/99: El Zócalo Cocina Mexicana - La Florida | Sitio: http://www.elzocalo.cl/
2026-05-22T00:48:19 Procesando 69/99: La Fabbrica - La Dehesa | Sitio: http://la-fabbrica.cl/
2026-05-22T00:48:26 Procesando 70/99: Alemán Experto Los Trapenses | Sitio: http://www.alemanexperto.cl/
2026-05-22T00:48:29 Procesando 71/99: Rishtedar Vitacura | Sitio: http://www.rishtedar.cl/
2026-05-22T00:48:32 Procesando 72/99: Ofelia Gastrobar | Sitio: https://www.ofeliagastrobar.com/
2026-05-22T00:48:35 Procesando 73/99: La Cabrera Chile Isidora | Sitio: https://lacabrerachile.cl/
2026-05-22T00:48:40 Procesando 74/99: Le Bistrot de Gaetan | Sitio: http://www.lebistrot.cl/
2026-05-22T00:48:43 Procesando 75/99: Hocha Restaurante de Comida Típica Taiwanesa - Patio La Dehesa | Sitio: http://www.hocha.cl/
2026-05-22T00:48:47 Procesando 76/99: El Nomade Cevicheria | Sitio: https://instagram.com/elnomade_cevicheria
2026-05-22T00:48:49 Procesando 77/99: La Fattoria | Sitio: https://fattoriarestaurant.simplybook.me/
2026-05-22T00:48:55 Procesando 78/99: Nelí Portal La Dehesa | Sitio: https://www.neli.cl/
2026-05-22T00:48:58 Procesando 79/99: Rubaiyat Chile | Sitio: https://gruporubaiyat.com/es/
2026-05-22T00:49:01 Procesando 80/99: Giratorio | Sitio: http://giratorio.cl/
2026-05-22T00:49:03 Procesando 81/99: Restaurante Peruano Mar Azul - La Reina | Sitio: https://instagram.com/marazul_lareina?igshid=YmMyMTA2M2Y=
2026-05-22T00:49:05 Procesando 82/99: Restoran Pinpilinpausha | Sitio: http://www.pinpilinpausha.cl/
2026-05-22T00:49:12 Procesando 83/99: Lumiére Bistró Restaurante | Sitio: http://lumierebistro.cl/
2026-05-22T00:49:17 Procesando 84/99: Diablo Vino y Fuego Restaurante | Sitio: https://diablorestaurant.com/
2026-05-22T00:49:19 Procesando 85/99: Beasty Butchers | Sitio: http://www.beasty.cl/
2026-05-22T00:49:23 Procesando 86/99: Piegari Chile | Sitio: http://www.piegari.cl/
2026-05-22T00:49:28 Procesando 87/99: Chilmex | Sitio: http://chilmex.cl/
2026-05-22T00:49:32 Procesando 88/99: Rishtedar La Dehesa | Sitio: https://rishtedar.cl/
2026-05-22T00:49:35 Procesando 89/99: Lanzas y Fuego | Sitio: http://www.lanzasyfuego.cl/
2026-05-22T00:49:39 Procesando 90/99: Eladio Restaurant Providencia | Sitio: http://www.eladio.cl/
2026-05-22T00:49:43 Procesando 91/99: 12 Food, La Florida | Sitio: https://www.instagram.com/12foodlaflorida/?hl=es-la
2026-05-22T00:49:45 Procesando 92/99: MANTO Restaurant | Sitio: https://instagram.com/mantorestaurant?utm_medium=copy_link
2026-05-22T00:49:47 Procesando 93/99: Restaurant Fuego Bendito | Sitio: https://restaurantefuegobendito.cl/
2026-05-22T00:49:49 Procesando 94/99: Don Carlos | Sitio: https://www.doncarloscarneyvino.cl/
2026-05-22T00:49:53 Procesando 95/99: Rishtedar La Reina | Sitio: https://www.rishtedar.cl/
2026-05-22T00:49:56 Procesando 96/99: Koychi Korean Street Food | Sitio: https://www.koychi.cl/
2026-05-22T00:50:03 Procesando 97/99: La casa del curanto | Sitio: https://www.instagram.com/lacasadelcuranto?igshid=MmVlMjlkMTBhMg==
2026-05-22T00:50:05 Procesando 98/99: La picá de la cubana | Sitio: https://www.facebook.com/profile.php?id=100064169197549&mibextid=ZbWKwL
2026-05-22T00:50:07 Procesando 99/99: HIKI STREET FOOD | Sitio: https://www.instagram.com/hiki_street_food/
2026-05-22T00:50:09 Excel creado: C:\Users\gabyp\Documents\SCRAPING_GOOGLE\data\alto_potencial_redes_enriquecido.xlsx
2026-05-22T00:50:09 CSV creado: C:\Users\gabyp\Documents\SCRAPING_GOOGLE\data\alto_potencial_redes_enriquecido.csv
2026-05-22T00:50:09 Filas procesadas: 99
2026-05-22T00:50:09 Instagram encontrado: 71
2026-05-22T00:50:09 Facebook encontrado: 39
2026-05-22T00:50:09 Confianza Alta total: 110
2026-05-22T00:50:09 Instagram confianza Alta: 71
2026-05-22T00:50:09 Facebook confianza Alta: 39
2026-05-22T00:50:09 Sin redes encontradas: 23
2026-05-22T00:50:09 Errores de sitio web: 4
2026-05-22T00:50:09 Búsquedas Google ejecutadas: 0
2026-05-22T00:50:09 Fin enriquecimiento piloto
