{"fecha": "2026-05-22 05:39:45", "tipo_reset": "reset_masivo_todos_prueba", "cantidad_afectada": 3}
{"fecha": "2026-05-22 05:44:17", "tipo_reset": "reset_individual", "cantidad_afectada": 0}
{"fecha": "2026-05-22 05:44:20", "tipo_reset": "reset_individual", "cantidad_afectada": 0}
{"fecha": "2026-05-22 05:44:31", "tipo_reset": "reset_masivo_todos_prueba", "cantidad_afectada": 1}
{"fecha": "2026-05-22 05:44:33", "tipo_reset": "reset_masivo_todos_prueba", "cantidad_afectada": 0}
{"fecha": "2026-05-22 10:21:38", "tipo_reset": "reset_masivo_todos_prueba", "cantidad_afectada": 1}
{"fecha": "2026-05-22 11:24:59", "tipo_reset": "reset_masivo_todos_prueba", "cantidad_afectada": 3}
{"fecha": "2026-05-22 12:47:12", "tipo_reset": "reset_masivo_todos_prueba", "cantidad_afectada": 8}
{"fecha": "2026-05-22 13:02:18", "tipo_reset": "reset_masivo_todos_prueba", "cantidad_afectada": 2}
{"fecha": "2026-05-22 14:29:17", "tipo_reset": "reset_masivo_todos_prueba", "cantidad_afectada": 5}
{"fecha": "2026-05-22 14:42:27", "tipo_reset": "reset_masivo_todos_prueba", "cantidad_afectada": 2}
{"fecha": "2026-05-22 15:55:24", "tipo_reset": "reset_masivo_todos_prueba", "cantidad_afectada": 1}
{"fecha": "2026-05-22 16:02:36", "tipo_reset": "reset_masivo_todos_prueba", "cantidad_afectada": 1, "eventos_contacto_eliminados": 2}
{"fecha": "2026-05-22 16:02:52", "tipo_reset": "reset_masivo_respondidos", "cantidad_afectada": 0, "eventos_contacto_eliminados": 0}
{"fecha": "2026-05-22 16:02:54", "tipo_reset": "reset_masivo_respondidos", "cantidad_afectada": 0, "eventos_contacto_eliminados": 0}
{"fecha": "2026-05-22 16:03:00", "tipo_reset": "reset_masivo_contactados", "cantidad_afectada": 0, "eventos_contacto_eliminados": 0}
{"fecha": "2026-05-22 16:03:03", "tipo_reset": "reset_masivo_contactados", "cantidad_afectada": 0, "eventos_contacto_eliminados": 0}
{"fecha": "2026-05-22 16:03:50", "tipo_reset": "reset_masivo_todos_prueba", "cantidad_afectada": 1, "eventos_contacto_eliminados": 0}
{"fecha": "2026-05-22 16:09:18", "tipo_reset": "codex_reset_flow_test", "cantidad_afectada": 1, "eventos_contacto_eliminados": 2}
{"fecha": "2026-05-22 16:13:07", "tipo_reset": "reset_masivo_todos_prueba", "cantidad_afectada": 5, "eventos_contacto_eliminados": 0}
{"fecha": "2026-05-22 16:13:32", "tipo_reset": "reset_masivo_contactados", "cantidad_afectada": 0, "eventos_contacto_eliminados": 0}
{"fecha": "2026-05-23 12:20:21", "tipo_reset": "reset_crm_completo", "cantidad_afectada": 327, "eventos_contacto_eliminados": 563, "modo_datos": "supabase", "fecha_reinicio": "2026-05-23 12:20:15", "crm_estado_reiniciados": 327, "eventos_iniciales_recreados": 327, "eventos_antes": 563, "eventos_despues": 327}
{"fecha": "2026-05-23 20:53:56", "tipo_reset": "reset_crm_completo", "cantidad_afectada": 327, "eventos_contacto_eliminados": 330, "modo_datos": "supabase", "fecha_reinicio": "2026-05-23 20:53:41", "crm_estado_reiniciados": 327, "estados_rappi_reiniciados": 327, "eventos_iniciales_recreados": 327, "eventos_antes": 330, "eventos_despues": 327, "validacion_antes": {"total_leads": 327, "estado_no_nuevo": 1, "resultado_no_sin_respuesta": 1, "whatsapp_no_no_contactado": 1, "rappi_no_no_revisado": 0, "fecha_contacto_con_valor": 1, "fecha_whatsapp_con_valor": 1, "canal_contacto_con_valor": 1, "notas_con_valor": 0, "eventos_no_iniciales": 3}, "validacion_despues": {"total_leads": 327, "estado_no_nuevo": 0, "resultado_no_sin_respuesta": 0, "whatsapp_no_no_contactado": 0, "rappi_no_no_revisado": 0, "fecha_contacto_con_valor": 0, "fecha_whatsapp_con_valor": 0, "canal_contacto_con_valor": 0, "notas_con_valor": 0, "eventos_no_iniciales": 0}}
{"fecha": "2026-05-23 21:03:40", "tipo_reset": "reset_crm_completo", "cantidad_afectada": 327, "eventos_contacto_eliminados": 334, "modo_datos": "supabase", "fecha_reinicio": "2026-05-23 21:03:26", "crm_estado_reiniciados": 327, "estados_rappi_reiniciados": 327, "eventos_iniciales_recreados": 327, "eventos_antes": 334, "eventos_despues": 327, "validacion_antes": {"total_leads": 327, "estado_no_nuevo": 1, "resultado_no_sin_respuesta": 0, "whatsapp_no_no_contactado": 1, "rappi_no_no_revisado": 0, "fecha_contacto_con_valor": 1, "fecha_whatsapp_con_valor": 1, "canal_contacto_con_valor": 1, "notas_con_valor": 0, "eventos_no_iniciales": 7}, "validacion_despues": {"total_leads": 327, "estado_no_nuevo": 0, "resultado_no_sin_respuesta": 0, "whatsapp_no_no_contactado": 0, "rappi_no_no_revisado": 0, "fecha_contacto_con_valor": 0, "fecha_whatsapp_con_valor": 0, "canal_contacto_con_valor": 0, "notas_con_valor": 0, "eventos_no_iniciales": 0}}
{"fecha": "2026-05-23 21:08:49", "tipo_reset": "reset_crm_completo", "cantidad_afectada": 327, "eventos_contacto_eliminados": 335, "modo_datos": "supabase", "fecha_reinicio": "2026-05-23 21:08:35", "crm_estado_reiniciados": 327, "estados_rappi_reiniciados": 327, "eventos_iniciales_recreados": 327, "eventos_antes": 335, "eventos_despues": 327, "validacion_antes": {"total_leads": 327, "estado_no_nuevo": 0, "resultado_no_sin_respuesta": 2, "whatsapp_no_no_contactado": 2, "rappi_no_no_revisado": 0, "fecha_contacto_con_valor": 2, "fecha_whatsapp_con_valor": 2, "canal_contacto_con_valor": 2, "notas_con_valor": 0, "eventos_no_iniciales": 8}, "validacion_despues": {"total_leads": 327, "estado_no_nuevo": 0, "resultado_no_sin_respuesta": 0, "whatsapp_no_no_contactado": 0, "rappi_no_no_revisado": 0, "fecha_contacto_con_valor": 0, "fecha_whatsapp_con_valor": 0, "canal_contacto_con_valor": 0, "notas_con_valor": 0, "eventos_no_iniciales": 0}}
{"fecha": "2026-05-23 22:27:45", "tipo_reset": "reset_crm_completo", "cantidad_afectada": 327, "eventos_contacto_eliminados": 336, "modo_datos": "supabase", "fecha_reinicio": "2026-05-23 22:27:31", "crm_estado_reiniciados": 327, "estados_rappi_reiniciados": 327, "eventos_iniciales_recreados": 327, "eventos_antes": 336, "eventos_despues": 327, "validacion_antes": {"total_leads": 327, "estado_no_nuevo": 2, "resultado_no_sin_respuesta": 1, "whatsapp_no_no_contactado": 2, "rappi_no_no_revisado": 0, "fecha_contacto_con_valor": 2, "fecha_whatsapp_con_valor": 2, "canal_contacto_con_valor": 2, "notas_con_valor": 0, "eventos_no_iniciales": 9}, "validacion_despues": {"total_leads": 327, "estado_no_nuevo": 0, "resultado_no_sin_respuesta": 0, "whatsapp_no_no_contactado": 0, "rappi_no_no_revisado": 0, "fecha_contacto_con_valor": 0, "fecha_whatsapp_con_valor": 0, "canal_contacto_con_valor": 0, "notas_con_valor": 0, "eventos_no_iniciales": 0}}
