2026-05-22T05:05:27.640Z Inicio scraper Google Maps piloto
2026-05-22T05:05:27.642Z Búsqueda: restaurantes en La Florida, Región Metropolitana, Chile
2026-05-22T05:05:27.642Z Máximo resultados: 10. Scrolls máximos: 3
2026-05-22T05:05:28.315Z Abriendo Google Maps: https://www.google.com/maps/search/restaurantes%20en%20La%20Florida%2C%20Regi%C3%B3n%20Metropolitana%2C%20Chile?hl=es-419
2026-05-22T05:05:28.731Z Pausa 2862 ms: carga inicial
2026-05-22T05:05:31.684Z Resultados visibles acumulados: 7
2026-05-22T05:05:31.699Z Pausa 4303 ms: scroll 1
2026-05-22T05:05:36.021Z Resultados visibles acumulados: 7
2026-05-22T05:05:36.033Z Pausa 3754 ms: scroll 2
2026-05-22T05:05:39.804Z Resultados visibles acumulados: 10
2026-05-22T05:05:39.805Z Fichas a abrir una por una: 10
2026-05-22T05:05:39.806Z Procesando 1/10
2026-05-22T05:05:39.806Z Abriendo ficha: https://www.google.com/maps/place/Trattoria+Valerio+-+Pizzas+%26+Pastas/data=!4m7!3m6!1s0x9662d1b23d025fb7:0x7dbdf26df96b5f4a!8m2!3d-33.5564369!4d-70.5865183!16s%2Fg%2F11h3kchwvb!19sChIJt18CPbLRYpYRSl9r-W3yvX0?authuser=0&hl=es-419&rclk=1
2026-05-22T05:05:40.236Z Pausa 3810 ms: espera de ficha
2026-05-22T05:05:44.135Z Pausa 4683 ms: pausa entre fichas
2026-05-22T05:05:48.828Z Procesando 2/10
2026-05-22T05:05:48.830Z Abriendo ficha: https://www.google.com/maps/place/PITUCOPE+RESTAURANT+PERUANO/data=!4m7!3m6!1s0x9662d1f3ea9802bd:0xb96e888d0cfe64f!8m2!3d-33.54853!4d-70.5868698!16s%2Fg%2F11txb626fm!19sChIJvQKY6vPRYpYRT-bP0Ijolgs?authuser=0&hl=es-419&rclk=1
2026-05-22T05:05:49.338Z Pausa 4496 ms: espera de ficha
2026-05-22T05:05:53.910Z Pausa 3710 ms: pausa entre fichas
2026-05-22T05:05:57.626Z Procesando 3/10
2026-05-22T05:05:57.627Z Abriendo ficha: https://www.google.com/maps/place/El+Nomade+Cevicheria/data=!4m7!3m6!1s0x9662d12a163492e5:0xa48e479f19d80dcf!8m2!3d-33.5534033!4d-70.5832872!16s%2Fg%2F11s8c5t1wk!19sChIJ5ZI0FirRYpYRzw3YGZ9HjqQ?authuser=0&hl=es-419&rclk=1
2026-05-22T05:05:57.794Z Pausa 3172 ms: espera de ficha
2026-05-22T05:06:01.046Z Pausa 3064 ms: pausa entre fichas
2026-05-22T05:06:04.127Z Procesando 4/10
2026-05-22T05:06:04.129Z Abriendo ficha: https://www.google.com/maps/place/CABIMAS+TASTY+FOOD/data=!4m7!3m6!1s0x9662d1dacc48255b:0x6d53e79d90e8d33a!8m2!3d-33.5548557!4d-70.5860092!16s%2Fg%2F11vrz4mx5h!19sChIJWyVIzNrRYpYROtPokJ3nU20?authuser=0&hl=es-419&rclk=1
2026-05-22T05:06:04.298Z Pausa 3678 ms: espera de ficha
2026-05-22T05:06:08.064Z Pausa 4534 ms: pausa entre fichas
2026-05-22T05:06:12.610Z Procesando 5/10
2026-05-22T05:06:12.612Z Abriendo ficha: https://www.google.com/maps/place/La+pic%C3%A1+de+la+cubana/data=!4m7!3m6!1s0x9662d10af3430c87:0x7291ecff6e8734a3!8m2!3d-33.560027!4d-70.5845971!16s%2Fg%2F11rn7t5jdv!19sChIJhwxD8wrRYpYRozSHbv_skXI?authuser=0&hl=es-419&rclk=1
2026-05-22T05:06:12.783Z Pausa 2233 ms: espera de ficha
2026-05-22T05:06:15.095Z Pausa 2118 ms: pausa entre fichas
2026-05-22T05:06:17.227Z Procesando 6/10
2026-05-22T05:06:17.228Z Abriendo ficha: https://www.google.com/maps/place/COCINERIA+DONDE+YOYO%27S/data=!4m7!3m6!1s0x9662d1d95c833fd9:0x3c68e41dd033ed33!8m2!3d-33.5371433!4d-70.5731178!16s%2Fg%2F11p5s69mwx!19sChIJ2T-DXNnRYpYRM-0z0B3kaDw?authuser=0&hl=es-419&rclk=1
2026-05-22T05:06:17.392Z Pausa 3498 ms: espera de ficha
2026-05-22T05:06:20.969Z Pausa 2383 ms: pausa entre fichas
2026-05-22T05:06:23.359Z Procesando 7/10
2026-05-22T05:06:23.360Z Abriendo ficha: https://www.google.com/maps/place/Aqu%C3%AD+E%E2%80%99/data=!4m7!3m6!1s0x9662d16caadbd913:0xf4e8696dcf47dc21!8m2!3d-33.5571101!4d-70.5864892!16s%2Fg%2F11s5b_5mdy!19sChIJE9nbqmzRYpYRIdxHz21p6PQ?authuser=0&hl=es-419&rclk=1
2026-05-22T05:06:23.536Z Pausa 3522 ms: espera de ficha
2026-05-22T05:06:27.127Z Pausa 4853 ms: pausa entre fichas
2026-05-22T05:06:31.999Z Procesando 8/10
2026-05-22T05:06:32.000Z Abriendo ficha: https://www.google.com/maps/place/Restaurante+Punta+Brasa+La+Florida/data=!4m7!3m6!1s0x9662cfa4d8996d17:0xff23c0d1e494ab08!8m2!3d-33.5179138!4d-70.563385!16s%2Fg%2F11s63xjxk7!19sChIJF22Z2KTPYpYRCKuU5NHAI_8?authuser=0&hl=es-419&rclk=1
2026-05-22T05:06:32.165Z Pausa 2876 ms: espera de ficha
2026-05-22T05:06:35.122Z Pausa 3568 ms: pausa entre fichas
2026-05-22T05:06:38.703Z Procesando 9/10
2026-05-22T05:06:38.705Z Abriendo ficha: https://www.google.com/maps/place/La+Caleta+de+Don+Chuma/data=!4m7!3m6!1s0x9662d0c521288777:0x43817670a73eee44!8m2!3d-33.551873!4d-70.587242!16s%2Fg%2F11ddxvpj91!19sChIJd4coIcXQYpYRRO4-p3B2gUM?authuser=0&hl=es-419&rclk=1
2026-05-22T05:06:38.895Z Pausa 4778 ms: espera de ficha
2026-05-22T05:06:43.755Z Pausa 3004 ms: pausa entre fichas
2026-05-22T05:06:46.769Z Procesando 10/10
2026-05-22T05:06:46.771Z Abriendo ficha: https://www.google.com/maps/place/Restaurant+La+Abuely/data=!4m7!3m6!1s0x9662d0c49efb8c47:0xaab136974c576b03!8m2!3d-33.5491741!4d-70.5876885!16s%2Fg%2F11g6yz_6gb!19sChIJR4z7nsTQYpYRA2tXTJc2sao?authuser=0&hl=es-419&rclk=1
2026-05-22T05:06:46.982Z Pausa 3277 ms: espera de ficha
2026-05-22T05:06:50.342Z Pausa 2103 ms: pausa entre fichas
2026-05-22T05:06:52.458Z CSV creado: C:\Users\gabyp\Documents\SCRAPING_GOOGLE\data\incremental\incremental_01_la_florida_piloto_real.csv
2026-05-22T05:06:52.459Z RAW JSON creado: C:\Users\gabyp\Documents\SCRAPING_GOOGLE\data\incremental\incremental_01_la_florida_piloto_real_raw.json
2026-05-22T05:06:52.709Z XLSX creado: C:\Users\gabyp\Documents\SCRAPING_GOOGLE\data\incremental\incremental_01_la_florida_piloto_real.xlsx
2026-05-22T05:06:52.709Z Resumen final:
2026-05-22T05:06:52.710Z Total filas extraídas: 10
2026-05-22T05:06:52.710Z Total restaurantes válidos: 10
2026-05-22T05:06:52.710Z Total no válidos: 0
2026-05-22T05:06:52.710Z Teléfonos vacíos: 0
2026-05-22T05:06:52.710Z Direcciones vacías: 0
2026-05-22T05:06:52.710Z Sitios web vacíos: 5
2026-05-22T05:06:52.710Z Duplicados eliminados: 0
2026-05-22T05:06:52.710Z Fin scraper. Filas extraídas: 10
