2026-05-22T04:06:36.100Z Inicio scraper Google Maps piloto
2026-05-22T04:06:36.104Z Búsqueda: restaurantes en Ñuñoa, Región Metropolitana, Chile
2026-05-22T04:06:36.107Z Máximo resultados: 30. Scrolls máximos: 6
2026-05-22T04:06:36.929Z Abriendo Google Maps: https://www.google.com/maps/search/restaurantes%20en%20%C3%91u%C3%B1oa%2C%20Regi%C3%B3n%20Metropolitana%2C%20Chile?hl=es-419
2026-05-22T04:06:37.361Z Pausa 4439 ms: carga inicial
2026-05-22T04:06:41.918Z Resultados visibles acumulados: 7
2026-05-22T04:06:41.957Z Pausa 2034 ms: scroll 1
2026-05-22T04:06:44.011Z Resultados visibles acumulados: 7
2026-05-22T04:06:44.080Z Pausa 4625 ms: scroll 2
2026-05-22T04:06:48.718Z Resultados visibles acumulados: 14
2026-05-22T04:06:48.747Z Pausa 4512 ms: scroll 3
2026-05-22T04:06:53.284Z Resultados visibles acumulados: 14
2026-05-22T04:06:53.311Z Pausa 4455 ms: scroll 4
2026-05-22T04:06:57.791Z Resultados visibles acumulados: 20
2026-05-22T04:06:57.823Z Pausa 3403 ms: scroll 5
2026-05-22T04:07:01.245Z Resultados visibles acumulados: 20
2026-05-22T04:07:01.270Z Pausa 4353 ms: scroll 6
2026-05-22T04:07:05.642Z Resultados visibles acumulados: 23
2026-05-22T04:07:05.645Z Fichas a abrir una por una: 23
2026-05-22T04:07:05.648Z Procesando 1/23
2026-05-22T04:07:05.651Z Abriendo ficha: https://www.google.com/maps/place/%C2%A1Ay+mi+Madre!+Restobar+Plaza+%C3%91u%C3%B1oa/data=!4m7!3m6!1s0x9662cfd02d008955:0x95e3c1a6b2a42343!8m2!3d-33.4536316!4d-70.5936559!16s%2Fg%2F11ms539982!19sChIJVYkALdDPYpYRQyOksqbB45U?authuser=0&hl=es-419&rclk=1
2026-05-22T04:07:06.047Z Pausa 3089 ms: espera de ficha
2026-05-22T04:07:09.272Z Pausa 4769 ms: pausa entre fichas
2026-05-22T04:07:14.054Z Procesando 2/23
2026-05-22T04:07:14.057Z Abriendo ficha: https://www.google.com/maps/place/Castillo+Hamburgo/data=!4m7!3m6!1s0x9662cfee6466d97d:0xa94dd23e0552f06!8m2!3d-33.4583194!4d-70.6033061!16s%2Fg%2F11p6vdjl9h!19sChIJfdlmZO7PYpYRBi9V4CPdlAo?authuser=0&hl=es-419&rclk=1
2026-05-22T04:07:14.511Z Pausa 4882 ms: espera de ficha
2026-05-22T04:07:19.513Z Pausa 3486 ms: pausa entre fichas
2026-05-22T04:07:23.017Z Procesando 3/23
2026-05-22T04:07:23.023Z Abriendo ficha: https://www.google.com/maps/place/Patio+Almeyda/data=!4m7!3m6!1s0x9662cf6bc62c30d7:0x6d0ec7ffff7b88a0!8m2!3d-33.4558115!4d-70.6012551!16s%2Fg%2F11q8t60l20!19sChIJ1zAsxmvPYpYRoIh7___HDm0?authuser=0&hl=es-419&rclk=1
2026-05-22T04:07:23.215Z Pausa 2645 ms: espera de ficha
2026-05-22T04:07:25.950Z Pausa 2151 ms: pausa entre fichas
2026-05-22T04:07:28.116Z Procesando 4/23
2026-05-22T04:07:28.119Z Abriendo ficha: https://www.google.com/maps/place/Piccola+Italia+Plaza+%C3%B1u%C3%B1oa/data=!4m7!3m6!1s0x9662cf004248a8eb:0x9c828311cd264268!8m2!3d-33.4539072!4d-70.5933615!16s%2Fg%2F11ym_yb9yy!19sChIJ66hIQgDPYpYRaEImzRGDgpw?authuser=0&hl=es-419&rclk=1
2026-05-22T04:07:28.342Z Pausa 4821 ms: espera de ficha
2026-05-22T04:07:33.269Z Pausa 2373 ms: pausa entre fichas
2026-05-22T04:07:35.651Z Procesando 5/23
2026-05-22T04:07:35.657Z Abriendo ficha: https://www.google.com/maps/place/Restaurante+Peruano+ENTRE+MAR+Y+TIERRA/data=!4m7!3m6!1s0x9662c55d8a478a83:0x4cdbaaa649b8affb!8m2!3d-33.4539742!4d-70.629641!16s%2Fg%2F11rmsyns_f!19sChIJg4pHil3FYpYR-6-4Saaq20w?authuser=0&hl=es-419&rclk=1
2026-05-22T04:07:35.851Z Pausa 3398 ms: espera de ficha
2026-05-22T04:07:39.345Z Pausa 3963 ms: pausa entre fichas
2026-05-22T04:07:43.313Z Procesando 6/23
2026-05-22T04:07:43.317Z Abriendo ficha: https://www.google.com/maps/place/Kechua+Restaurant/data=!4m7!3m6!1s0x9662cfb0f4386de5:0xb5c7a28854d2fa9d!8m2!3d-33.4538533!4d-70.5937068!16s%2Fg%2F11tnm645sj!19sChIJ5W049LDPYpYRnfrSVIiix7U?authuser=0&hl=es-419&rclk=1
2026-05-22T04:07:43.555Z Pausa 2327 ms: espera de ficha
2026-05-22T04:07:46.027Z Pausa 4187 ms: pausa entre fichas
2026-05-22T04:07:50.229Z Procesando 7/23
2026-05-22T04:07:50.234Z Abriendo ficha: https://www.google.com/maps/place/Como+en+Lima/data=!4m7!3m6!1s0x9662cfbec3166451:0x5bacdff36b13c56!8m2!3d-33.4545639!4d-70.5931006!16s%2Fg%2F11cn9mz9v4!19sChIJUWQWw77PYpYRVjyxNv_NugU?authuser=0&hl=es-419&rclk=1
2026-05-22T04:07:50.433Z Pausa 3745 ms: espera de ficha
2026-05-22T04:07:54.287Z Pausa 2532 ms: pausa entre fichas
2026-05-22T04:07:56.829Z Procesando 8/23
2026-05-22T04:07:56.833Z Abriendo ficha: https://www.google.com/maps/place/La+Finestra/data=!4m7!3m6!1s0x9662cfbef8dd4c6d:0xe6916fd1306cf3d4!8m2!3d-33.4553941!4d-70.5948372!16s%2Fg%2F1tfmdfmx!19sChIJbUzd-L7PYpYR1PNsMNFvkeY?authuser=0&hl=es-419&rclk=1
2026-05-22T04:07:57.076Z Pausa 4233 ms: espera de ficha
2026-05-22T04:08:01.399Z Pausa 4277 ms: pausa entre fichas
2026-05-22T04:08:05.681Z Procesando 9/23
2026-05-22T04:08:05.686Z Abriendo ficha: https://www.google.com/maps/place/Punto+Pa%C3%ADs+Restaurant/data=!4m7!3m6!1s0x9662cfbd41051cef:0x6c5bb104ce58f86!8m2!3d-33.4492307!4d-70.5965692!16s%2Fg%2F11f1zlnj_7!19sChIJ7xwFQb3PYpYRho_lTBC7xQY?authuser=0&hl=es-419&rclk=1
2026-05-22T04:08:05.884Z Pausa 3762 ms: espera de ficha
2026-05-22T04:08:09.764Z Pausa 2676 ms: pausa entre fichas
2026-05-22T04:08:12.446Z Procesando 10/23
2026-05-22T04:08:12.450Z Abriendo ficha: https://www.google.com/maps/place/Antonia+Lounge/data=!4m7!3m6!1s0x9662cf1795ab37af:0x26f0848757404258!8m2!3d-33.453623!4d-70.5933652!16s%2Fg%2F11sbhtqq6_!19sChIJrzerlRfPYpYRWEJAV4eE8CY?authuser=0&hl=es-419&rclk=1
2026-05-22T04:08:12.636Z Pausa 3352 ms: espera de ficha
2026-05-22T04:08:16.103Z Pausa 4958 ms: pausa entre fichas
2026-05-22T04:08:21.065Z Procesando 11/23
2026-05-22T04:08:21.069Z Abriendo ficha: https://www.google.com/maps/place/Restaurante+Moray/data=!4m7!3m6!1s0x9662c59bf408de7f:0xf0bcf121cfe7e8ce!8m2!3d-33.4490363!4d-70.6241282!16s%2Fg%2F11pcrq1qlp!19sChIJf94I9JvFYpYRzujnzyHxvPA?authuser=0&hl=es-419&rclk=1
2026-05-22T04:08:21.290Z Pausa 4592 ms: espera de ficha
2026-05-22T04:08:25.989Z Pausa 2190 ms: pausa entre fichas
2026-05-22T04:08:28.196Z Procesando 12/23
2026-05-22T04:08:28.201Z Abriendo ficha: https://www.google.com/maps/place/Ajiaco/data=!4m7!3m6!1s0x9662cfb51b3099e3:0x6cddabfcf561183b!8m2!3d-33.4530569!4d-70.5764405!16s%2Fg%2F11c52k4vdw!19sChIJ45kwG7XPYpYROxhh9fyr3Ww?authuser=0&hl=es-419&rclk=1
2026-05-22T04:08:28.386Z Pausa 3192 ms: espera de ficha
2026-05-22T04:08:31.692Z Pausa 4797 ms: pausa entre fichas
2026-05-22T04:08:36.498Z Procesando 13/23
2026-05-22T04:08:36.503Z Abriendo ficha: https://www.google.com/maps/place/Las+Lanzas/data=!4m7!3m6!1s0x9662cf12e26cfa4f:0xe640e0e62fb2f985!8m2!3d-33.4555253!4d-70.5942732!16s%2Fg%2F11g1lwc7x9!19sChIJT_ps4hLPYpYRhfmyL-bgQOY?authuser=0&hl=es-419&rclk=1
2026-05-22T04:08:36.725Z Pausa 2579 ms: espera de ficha
2026-05-22T04:08:39.381Z Pausa 3459 ms: pausa entre fichas
2026-05-22T04:08:42.858Z Procesando 14/23
2026-05-22T04:08:42.860Z Abriendo ficha: https://www.google.com/maps/place/Peyo+Restaurant/data=!4m7!3m6!1s0x9662c5624b4feab9:0x3d815e7e459c8d2e!8m2!3d-33.456417!4d-70.6249084!16s%2Fg%2F1hjh8m92r!19sChIJuepPS2LFYpYRLo2cRX5egT0?authuser=0&hl=es-419&rclk=1
2026-05-22T04:08:43.117Z Pausa 3978 ms: espera de ficha
2026-05-22T04:08:47.211Z Pausa 3817 ms: pausa entre fichas
2026-05-22T04:08:51.038Z Procesando 15/23
2026-05-22T04:08:51.041Z Abriendo ficha: https://www.google.com/maps/place/Barra+de+Pickles/data=!4m7!3m6!1s0x9662c5b5cadac0a5:0xf1faf1d408e8024b!8m2!3d-33.4531138!4d-70.6278603!16s%2Fg%2F11q4dbx0fs!19sChIJpcDayrXFYpYRSwLoCNTx-vE?authuser=0&hl=es-419&rclk=1
2026-05-22T04:08:51.265Z Pausa 3183 ms: espera de ficha
2026-05-22T04:08:54.536Z Pausa 4643 ms: pausa entre fichas
2026-05-22T04:08:59.197Z Procesando 16/23
2026-05-22T04:08:59.202Z Abriendo ficha: https://www.google.com/maps/place/Golfo+Di+Napoli+Trattoria+e+Pizzeria/data=!4m7!3m6!1s0x9662cf916f827eaf:0x65a6a856994a5153!8m2!3d-33.455948!4d-70.605786!16s%2Fg%2F1tj1nqnk!19sChIJr36Cb5HPYpYRU1FKmVaopmU?authuser=0&hl=es-419&rclk=1
2026-05-22T04:08:59.403Z Pausa 4779 ms: espera de ficha
2026-05-22T04:09:04.299Z Pausa 4419 ms: pausa entre fichas
2026-05-22T04:09:08.726Z Procesando 17/23
2026-05-22T04:09:08.730Z Abriendo ficha: https://www.google.com/maps/place/Terraza+Vergel/data=!4m7!3m6!1s0x9662c5c15107efe9:0xdd9265eded43ee4c!8m2!3d-33.4490585!4d-70.624408!16s%2Fg%2F11kj0530d4!19sChIJ6e8HUcHFYpYRTO5D7e1lkt0?authuser=0&hl=es-419&rclk=1
2026-05-22T04:09:08.953Z Pausa 2204 ms: espera de ficha
2026-05-22T04:09:11.254Z Pausa 2025 ms: pausa entre fichas
2026-05-22T04:09:13.291Z Procesando 18/23
2026-05-22T04:09:13.294Z Abriendo ficha: https://www.google.com/maps/place/%C2%A1Ay+Mi+Madre!+Restobar+%C3%91u%C3%B1oa/data=!4m7!3m6!1s0x9662cfbbd4d3628f:0xcf2719bf0e7dbfb9!8m2!3d-33.4558301!4d-70.59807!16s%2Fg%2F11tf5fxjb9!19sChIJj2LT1LvPYpYRub99Dr8ZJ88?authuser=0&hl=es-419&rclk=1
2026-05-22T04:09:13.484Z Pausa 2713 ms: espera de ficha
2026-05-22T04:09:16.314Z Pausa 4223 ms: pausa entre fichas
2026-05-22T04:09:20.544Z Procesando 19/23
2026-05-22T04:09:20.549Z Abriendo ficha: https://www.google.com/maps/place/La+casa+del+curanto/data=!4m7!3m6!1s0x9662cf0045cd8d8f:0xdb11e68502065073!8m2!3d-33.4560782!4d-70.6021461!16s%2Fg%2F11y2bx1rn5!19sChIJj43NRQDPYpYRc1AGAoXmEds?authuser=0&hl=es-419&rclk=1
2026-05-22T04:09:20.863Z Pausa 4229 ms: espera de ficha
2026-05-22T04:09:25.206Z Pausa 2702 ms: pausa entre fichas
2026-05-22T04:09:27.924Z Procesando 20/23
2026-05-22T04:09:27.949Z Abriendo ficha: https://www.google.com/maps/place/Ritrovo/data=!4m7!3m6!1s0x9662cf7ba7b68523:0x8912c6b1d7af9344!8m2!3d-33.4543403!4d-70.5972592!16s%2Fg%2F11tcvcbym9!19sChIJI4W2p3vPYpYRRJOv17HGEok?authuser=0&hl=es-419&rclk=1
2026-05-22T04:09:28.138Z Pausa 2454 ms: espera de ficha
2026-05-22T04:09:30.708Z Pausa 3168 ms: pausa entre fichas
2026-05-22T04:09:33.882Z Procesando 21/23
2026-05-22T04:09:33.885Z Abriendo ficha: https://www.google.com/maps/place/Boulevard+Plaza+%C3%91u%C3%B1oa/data=!4m7!3m6!1s0x9662cfbe95b31d5d:0x1b9f6d703073a0ee!8m2!3d-33.4539602!4d-70.5939594!16s%2Fg%2F11clfm_9pq!19sChIJXR2zlb7PYpYR7qBzMHBtnxs?authuser=0&hl=es-419&rclk=1
2026-05-22T04:09:34.078Z Pausa 2903 ms: espera de ficha
2026-05-22T04:09:37.061Z Pausa 2839 ms: pausa entre fichas
2026-05-22T04:09:39.919Z Procesando 22/23
2026-05-22T04:09:39.923Z Abriendo ficha: https://www.google.com/maps/place/Tapas+y+Birra+%C3%91u%C3%B1oa+-+Restaurante+Mediterr%C3%A1neo+%26+Bar/data=!4m7!3m6!1s0x9662cfbe944f9dc3:0xad1467f8fc07cf6a!8m2!3d-33.4538497!4d-70.5935726!16s%2Fg%2F11c0vn_jvx!19sChIJw51PlL7PYpYRas8H_PhnFK0?authuser=0&hl=es-419&rclk=1
2026-05-22T04:09:40.103Z Pausa 2775 ms: espera de ficha
2026-05-22T04:09:43.010Z Pausa 3094 ms: pausa entre fichas
2026-05-22T04:09:46.111Z Procesando 23/23
2026-05-22T04:09:46.115Z Abriendo ficha: https://www.google.com/maps/place/Caf%C3%A9+Marale+%C3%91u%C3%B1oa/data=!4m7!3m6!1s0x9662cf6e662b110f:0x77080cc5251cd904!8m2!3d-33.4557507!4d-70.5886879!16s%2Fg%2F11tnv15d82!19sChIJDxErZm7PYpYRBNkcJcUMCHc?authuser=0&hl=es-419&rclk=1
2026-05-22T04:09:46.299Z Pausa 2415 ms: espera de ficha
2026-05-22T04:09:48.807Z Pausa 3877 ms: pausa entre fichas
2026-05-22T04:09:52.741Z CSV creado: C:\Users\gabyp\Documents\SCRAPING_GOOGLE\data\comunas\nunoa_restaurantes_30.csv
2026-05-22T04:09:52.744Z RAW JSON creado: C:\Users\gabyp\Documents\SCRAPING_GOOGLE\data\comunas\nunoa_restaurantes_30_raw.json
2026-05-22T04:09:53.115Z XLSX creado: C:\Users\gabyp\Documents\SCRAPING_GOOGLE\data\comunas\nunoa_restaurantes_30.xlsx
2026-05-22T04:09:53.117Z Resumen final:
2026-05-22T04:09:53.120Z Total filas extraídas: 23
2026-05-22T04:09:53.122Z Total restaurantes válidos: 20
2026-05-22T04:09:53.124Z Total no válidos: 3
2026-05-22T04:09:53.126Z Teléfonos vacíos: 2
2026-05-22T04:09:53.127Z Direcciones vacías: 0
2026-05-22T04:09:53.129Z Sitios web vacíos: 2
2026-05-22T04:09:53.130Z Duplicados eliminados: 0
2026-05-22T04:09:53.132Z Fin scraper. Filas extraídas: 23
