2026-05-22T00:39:22 Inicio enriquecimiento piloto. Filas: 10
2026-05-22T00:39:22 Procesando 1/10: Raffaella Cucina Napoletana | Sitio: http://www.raffaellacucina.cl/
2026-05-22T00:39:26 Procesando 2/10: Hambrientos & Sedientos Providencia | Sitio: https://www.hambrientoschile.cl/pedir
2026-05-22T00:39:30 Procesando 3/10: Aay Chabela Restaurant | Sitio: https://www.facebook.com/aychabelarestaurant/
2026-05-22T00:39:32 Procesando 4/10: Bar Santiago Vitacura | Sitio: https://barsantiago.cl/
2026-05-22T00:39:38 Procesando 5/10: CAOBA BAR | Sitio: https://caobabar.cl/
2026-05-22T00:39:40 Procesando 6/10: Restaurante Moray | Sitio: http://moray.cl/
2026-05-22T00:39:45 Procesando 7/10: Secretos de la Nona Chillán Casa Matriz Tienda 1 | Sitio: https://secretosdelanona.cl/
2026-05-22T00:39:51 Procesando 8/10: Kató Tasty Caos | Sitio: https://katotastycaos.cl/
2026-05-22T00:39:53 Procesando 9/10: Bar Prócer | Sitio: http://www.instagram.com/barprocer
2026-05-22T00:39:55 Procesando 10/10: Bar Porfirio | Sitio: https://barporfirio.com/
2026-05-22T00:39:59 Excel creado: C:\Users\gabyp\Documents\SCRAPING_GOOGLE\data\piloto_alto_potencial_redes_enriquecido.xlsx
2026-05-22T00:39:59 CSV creado: C:\Users\gabyp\Documents\SCRAPING_GOOGLE\data\piloto_alto_potencial_redes_enriquecido.csv
2026-05-22T00:39:59 Fin enriquecimiento piloto
2026-05-22T00:40:44 Inicio enriquecimiento piloto. Filas: 10
2026-05-22T00:40:44 Procesando 1/10: Raffaella Cucina Napoletana | Sitio: http://www.raffaellacucina.cl/
2026-05-22T00:40:47 Procesando 2/10: Hambrientos & Sedientos Providencia | Sitio: https://www.hambrientoschile.cl/pedir
2026-05-22T00:40:51 Procesando 3/10: Aay Chabela Restaurant | Sitio: https://www.facebook.com/aychabelarestaurant/
2026-05-22T00:40:53 Procesando 4/10: Bar Santiago Vitacura | Sitio: https://barsantiago.cl/
2026-05-22T00:40:57 Procesando 5/10: CAOBA BAR | Sitio: https://caobabar.cl/
2026-05-22T00:40:59 Procesando 6/10: Restaurante Moray | Sitio: http://moray.cl/
2026-05-22T00:41:04 Procesando 7/10: Secretos de la Nona Chillán Casa Matriz Tienda 1 | Sitio: https://secretosdelanona.cl/
2026-05-22T00:41:09 Procesando 8/10: Kató Tasty Caos | Sitio: https://katotastycaos.cl/
2026-05-22T00:41:11 Procesando 9/10: Bar Prócer | Sitio: http://www.instagram.com/barprocer
2026-05-22T00:41:13 Procesando 10/10: Bar Porfirio | Sitio: https://barporfirio.com/
2026-05-22T00:41:16 Excel creado: C:\Users\gabyp\Documents\SCRAPING_GOOGLE\data\piloto_alto_potencial_redes_enriquecido.xlsx
2026-05-22T00:41:16 CSV creado: C:\Users\gabyp\Documents\SCRAPING_GOOGLE\data\piloto_alto_potencial_redes_enriquecido.csv
2026-05-22T00:41:16 Fin enriquecimiento piloto
