2026-05-22T03:52:44.652Z Inicio scraper Google Maps piloto
2026-05-22T03:52:44.658Z Búsqueda: restaurantes en Vitacura, Región Metropolitana, Chile
2026-05-22T03:52:44.660Z Máximo resultados: 30. Scrolls máximos: 6
2026-05-22T03:52:45.515Z Abriendo Google Maps: https://www.google.com/maps/search/restaurantes%20en%20Vitacura%2C%20Regi%C3%B3n%20Metropolitana%2C%20Chile?hl=es-419
2026-05-22T03:52:45.899Z Pausa 3282 ms: carga inicial
2026-05-22T03:52:49.315Z Resultados visibles acumulados: 7
2026-05-22T03:52:49.349Z Pausa 2502 ms: scroll 1
2026-05-22T03:52:51.870Z Resultados visibles acumulados: 14
2026-05-22T03:52:51.943Z Pausa 3617 ms: scroll 2
2026-05-22T03:52:55.573Z Resultados visibles acumulados: 14
2026-05-22T03:52:55.599Z Pausa 2989 ms: scroll 3
2026-05-22T03:52:58.603Z Resultados visibles acumulados: 20
2026-05-22T03:52:58.628Z Pausa 4344 ms: scroll 4
2026-05-22T03:53:02.988Z Resultados visibles acumulados: 20
2026-05-22T03:53:03.015Z Pausa 2651 ms: scroll 5
2026-05-22T03:53:05.686Z Resultados visibles acumulados: 25
2026-05-22T03:53:05.715Z Pausa 3486 ms: scroll 6
2026-05-22T03:53:09.219Z Resultados visibles acumulados: 25
2026-05-22T03:53:09.223Z Fichas a abrir una por una: 25
2026-05-22T03:53:09.229Z Procesando 1/25
2026-05-22T03:53:09.233Z Abriendo ficha: https://www.google.com/maps/place/Casa+Sanz/data=!4m7!3m6!1s0x9662cfaa42f67979:0x78939ae5f730c248!8m2!3d-33.3982681!4d-70.5851944!16s%2Fg%2F11sjxnlkxg!19sChIJeXn2QqrPYpYRSMIw9-Wak3g?authuser=0&hl=es-419&rclk=1
2026-05-22T03:53:09.619Z Pausa 3604 ms: espera de ficha
2026-05-22T03:53:13.322Z Pausa 3605 ms: pausa entre fichas
2026-05-22T03:53:16.938Z Procesando 2/25
2026-05-22T03:53:16.941Z Abriendo ficha: https://www.google.com/maps/place/El+Toro+Vitacura/data=!4m7!3m6!1s0x9662cf89a33b0f49:0x1b187e22a345a7e0!8m2!3d-33.4018737!4d-70.5929112!16s%2Fg%2F11sw_ws1rr!19sChIJSQ87o4nPYpYR4KdFoyJ-GBs?authuser=0&hl=es-419&rclk=1
2026-05-22T03:53:17.818Z Pausa 4338 ms: espera de ficha
2026-05-22T03:53:22.288Z Pausa 3958 ms: pausa entre fichas
2026-05-22T03:53:26.256Z Procesando 3/25
2026-05-22T03:53:26.259Z Abriendo ficha: https://www.google.com/maps/place/Ofelia+Gastrobar/data=!4m7!3m6!1s0x9662cf94400bd1d1:0xab1af5b17f27cd4e!8m2!3d-33.4074623!4d-70.5985484!16s%2Fg%2F11ryt4r0yc!19sChIJ0dELQJTPYpYRTs0nf7H1Gqs?authuser=0&hl=es-419&rclk=1
2026-05-22T03:53:26.460Z Pausa 4389 ms: espera de ficha
2026-05-22T03:53:30.939Z Pausa 4432 ms: pausa entre fichas
2026-05-22T03:53:35.374Z Procesando 4/25
2026-05-22T03:53:35.377Z Abriendo ficha: https://www.google.com/maps/place/Demencia/data=!4m7!3m6!1s0x9662cfb61d16452b:0x6108ad9a3153fe62!8m2!3d-33.4039236!4d-70.5964995!16s%2Fg%2F11rcscbqmr!19sChIJK0UWHbbPYpYRYv5TMZqtCGE?authuser=0&hl=es-419&rclk=1
2026-05-22T03:53:35.619Z Pausa 3745 ms: espera de ficha
2026-05-22T03:53:39.494Z Pausa 3831 ms: pausa entre fichas
2026-05-22T03:53:43.331Z Procesando 5/25
2026-05-22T03:53:43.335Z Abriendo ficha: https://www.google.com/maps/place/Bar+Santiago+Vitacura/data=!4m7!3m6!1s0x9662c9465439ed5d:0x1ee5cf0006f07af3!8m2!3d-33.3867402!4d-70.5649557!16s%2Fg%2F11tjf5xr59!19sChIJXe05VEbJYpYR83rwBgDP5R4?authuser=0&hl=es-419&rclk=1
2026-05-22T03:53:43.563Z Pausa 3612 ms: espera de ficha
2026-05-22T03:53:47.266Z Pausa 3095 ms: pausa entre fichas
2026-05-22T03:53:50.368Z Procesando 6/25
2026-05-22T03:53:50.370Z Abriendo ficha: https://www.google.com/maps/place/APPA+Restaurante/data=!4m7!3m6!1s0x9662c9004da0f611:0x507e760a4ead2bf0!8m2!3d-33.386285!4d-70.5618881!16s%2Fg%2F11w1k7qgxk!19sChIJEfagTQDJYpYR8CutTgp2flA?authuser=0&hl=es-419&rclk=1
2026-05-22T03:53:50.623Z Pausa 3005 ms: espera de ficha
2026-05-22T03:53:53.725Z Pausa 3461 ms: pausa entre fichas
2026-05-22T03:53:57.189Z Procesando 7/25
2026-05-22T03:53:57.192Z Abriendo ficha: https://www.google.com/maps/place/CAOBA+BAR/data=!4m7!3m6!1s0x9662cfec8b5a7381:0x776af53046b0faf0!8m2!3d-33.4026497!4d-70.5901323!16s%2Fg%2F11tcwmj81r!19sChIJgXNai-zPYpYR8PqwRjD1anc?authuser=0&hl=es-419&rclk=1
2026-05-22T03:53:57.402Z Pausa 3563 ms: espera de ficha
2026-05-22T03:54:01.082Z Pausa 4338 ms: pausa entre fichas
2026-05-22T03:54:05.436Z Procesando 8/25
2026-05-22T03:54:05.440Z Abriendo ficha: https://www.google.com/maps/place/Tanaka+Vitacura/data=!4m7!3m6!1s0x9662cf3719587b89:0x472600fb6eb00235!8m2!3d-33.4030473!4d-70.5886892!16s%2Fg%2F11ckw294gm!19sChIJiXtYGTfPYpYRNQKwbvsAJkc?authuser=0&hl=es-419&rclk=1
2026-05-22T03:54:05.639Z Pausa 3123 ms: espera de ficha
2026-05-22T03:54:08.853Z Pausa 2518 ms: pausa entre fichas
2026-05-22T03:54:11.387Z Procesando 9/25
2026-05-22T03:54:11.391Z Abriendo ficha: https://www.google.com/maps/place/Piegari+Chile/data=!4m7!3m6!1s0x9662cfe62edf92cf:0xe56813440fe5a463!8m2!3d-33.3954005!4d-70.5975267!16s%2Fg%2F11dyrb51w7!19sChIJz5LfLubPYpYRY6TlD0QTaOU?authuser=0&hl=es-419&rclk=1
2026-05-22T03:54:11.602Z Pausa 3979 ms: espera de ficha
2026-05-22T03:54:15.671Z Pausa 4085 ms: pausa entre fichas
2026-05-22T03:54:19.770Z Procesando 10/25
2026-05-22T03:54:19.774Z Abriendo ficha: https://www.google.com/maps/place/Centro+Gastron%C3%B3mico+BordeR%C3%ADo/data=!4m7!3m6!1s0x9662c8d747930ddd:0x1e7e60f0563c582e!8m2!3d-33.3815722!4d-70.5792292!16s%2Fg%2F1tgm41dl!19sChIJ3Q2TR9fIYpYRLlg8VvBgfh4?authuser=0&hl=es-419&rclk=1
2026-05-22T03:54:19.970Z Pausa 4862 ms: espera de ficha
2026-05-22T03:54:24.959Z Pausa 2468 ms: pausa entre fichas
2026-05-22T03:54:27.435Z Procesando 11/25
2026-05-22T03:54:27.437Z Abriendo ficha: https://www.google.com/maps/place/Barceloneta/data=!4m7!3m6!1s0x9662cfa76461b4fd:0x58bb79a751db2280!8m2!3d-33.4053922!4d-70.5972991!16s%2Fg%2F11l6mbcws2!19sChIJ_bRhZKfPYpYRgCLbUad5u1g?authuser=0&hl=es-419&rclk=1
2026-05-22T03:54:27.658Z Pausa 2836 ms: espera de ficha
2026-05-22T03:54:30.585Z Pausa 3437 ms: pausa entre fichas
2026-05-22T03:54:34.037Z Procesando 12/25
2026-05-22T03:54:34.040Z Abriendo ficha: https://www.google.com/maps/place/Mestizo/data=!4m7!3m6!1s0x9662cf4bb499917f:0xfd06a131a5f08a6d!8m2!3d-33.3942718!4d-70.5999298!16s%2Fg%2F1tmqm_0s!19sChIJf5GZtEvPYpYRbYrwpTGhBv0?authuser=0&hl=es-419&rclk=1
2026-05-22T03:54:34.246Z Pausa 4305 ms: espera de ficha
2026-05-22T03:54:38.649Z Pausa 4977 ms: pausa entre fichas
2026-05-22T03:54:43.637Z Procesando 13/25
2026-05-22T03:54:43.640Z Abriendo ficha: https://www.google.com/maps/place/Arca+Bar/data=!4m7!3m6!1s0x9662cfe6bdc049f1:0xae691c9d8f796c3d!8m2!3d-33.3972025!4d-70.597931!16s%2Fg%2F11q1n_nb_5!19sChIJ8UnAvebPYpYRPWx5j50caa4?authuser=0&hl=es-419&rclk=1
2026-05-22T03:54:43.853Z Pausa 3990 ms: espera de ficha
2026-05-22T03:54:47.929Z Pausa 2821 ms: pausa entre fichas
2026-05-22T03:54:50.757Z Procesando 14/25
2026-05-22T03:54:50.761Z Abriendo ficha: https://www.google.com/maps/place/Capogrossi/data=!4m7!3m6!1s0x9662cfac4ffe31d1:0x7000c380cbd5efe5!8m2!3d-33.4034028!4d-70.5893016!16s%2Fg%2F11s51d17m6!19sChIJ0TH-T6zPYpYR5e_Vy4DDAHA?authuser=0&hl=es-419&rclk=1
2026-05-22T03:54:50.960Z Pausa 2262 ms: espera de ficha
2026-05-22T03:54:53.311Z Pausa 3755 ms: pausa entre fichas
2026-05-22T03:54:57.080Z Procesando 15/25
2026-05-22T03:54:57.084Z Abriendo ficha: https://www.google.com/maps/place/La+Mar+by+Gaston+Acurio/data=!4m7!3m6!1s0x9662cf3561295821:0x184796e8fe9b36c0!8m2!3d-33.395535!4d-70.59766!16s%2Fg%2F11bw3d5xb0!19sChIJIVgpYTXPYpYRwDab_uiWRxg?authuser=0&hl=es-419&rclk=1
2026-05-22T03:54:57.277Z Pausa 2619 ms: espera de ficha
2026-05-22T03:54:59.980Z Pausa 2836 ms: pausa entre fichas
2026-05-22T03:55:02.818Z Procesando 16/25
2026-05-22T03:55:02.820Z Abriendo ficha: https://www.google.com/maps/place/Rubaiyat+Chile/data=!4m7!3m6!1s0x9662cf357c0dc795:0xdfa8171effe5e3bd!8m2!3d-33.3963918!4d-70.5970912!16s%2Fg%2F11cm0584gn!19sChIJlccNfDXPYpYRvePl_x4XqN8?authuser=0&hl=es-419&rclk=1
2026-05-22T03:55:03.038Z Pausa 2380 ms: espera de ficha
2026-05-22T03:55:05.492Z Pausa 2141 ms: pausa entre fichas
2026-05-22T03:55:07.638Z Procesando 17/25
2026-05-22T03:55:07.641Z Abriendo ficha: https://www.google.com/maps/place/Restaurant+Miraolas/data=!4m7!3m6!1s0x9662cf316d7aaf55:0xfb7f125473d331be!8m2!3d-33.3999035!4d-70.5900577!16s%2Fg%2F1tfcdcry!19sChIJVa96bTHPYpYRvjHTc1QSf_s?authuser=0&hl=es-419&rclk=1
2026-05-22T03:55:07.841Z Pausa 3110 ms: espera de ficha
2026-05-22T03:55:11.056Z Pausa 4468 ms: pausa entre fichas
2026-05-22T03:55:15.530Z Procesando 18/25
2026-05-22T03:55:15.534Z Abriendo ficha: https://www.google.com/maps/place/Kechua+Vitacura/data=!4m7!3m6!1s0x9662c91a55258adf:0x8b4d8fd1119ebaae!8m2!3d-33.3817562!4d-70.57943!16s%2Fg%2F11sj5dh_jm!19sChIJ34olVRrJYpYRrrqeEdGPTYs?authuser=0&hl=es-419&rclk=1
2026-05-22T03:55:15.746Z Pausa 4442 ms: espera de ficha
2026-05-22T03:55:20.293Z Pausa 2834 ms: pausa entre fichas
2026-05-22T03:55:23.147Z Procesando 19/25
2026-05-22T03:55:23.151Z Abriendo ficha: https://www.google.com/maps/place/Rishtedar+Vitacura/data=!4m7!3m6!1s0x9662cf2b93ed4dff:0x907266614eb68b68!8m2!3d-33.3950354!4d-70.5790121!16s%2Fg%2F11cmsvbxwj!19sChIJ_03tkyvPYpYRaIu2TmFmcpA?authuser=0&hl=es-419&rclk=1
2026-05-22T03:55:23.349Z Pausa 3205 ms: espera de ficha
2026-05-22T03:55:26.639Z Pausa 3236 ms: pausa entre fichas
2026-05-22T03:55:29.879Z Procesando 20/25
2026-05-22T03:55:29.884Z Abriendo ficha: https://www.google.com/maps/place/Panchita/data=!4m7!3m6!1s0x9662cfe8f6df9f3d:0x3697a17c33501e74!8m2!3d-33.397429!4d-70.59735!16s%2Fg%2F11h7cwv3y7!19sChIJPZ_f9ujPYpYRdB5QM3yhlzY?authuser=0&hl=es-419&rclk=1
2026-05-22T03:55:30.092Z Pausa 3733 ms: espera de ficha
2026-05-22T03:55:33.900Z Pausa 3123 ms: pausa entre fichas
2026-05-22T03:55:37.030Z Procesando 21/25
2026-05-22T03:55:37.034Z Abriendo ficha: https://www.google.com/maps/place/Morera+Casa+Bar/data=!4m7!3m6!1s0x9662cf3ba1703933:0x86c4505fef9fecfc!8m2!3d-33.4029117!4d-70.5911691!16s%2Fg%2F11hy99gmfk!19sChIJMzlwoTvPYpYR_Oyf719QxIY?authuser=0&hl=es-419&rclk=1
2026-05-22T03:55:37.231Z Pausa 2310 ms: espera de ficha
2026-05-22T03:55:39.648Z Pausa 2724 ms: pausa entre fichas
2026-05-22T03:55:42.382Z Procesando 22/25
2026-05-22T03:55:42.386Z Abriendo ficha: https://www.google.com/maps/place/Club+Gordos+Vitacura/data=!4m7!3m6!1s0x9662cfdfc2bc2ef1:0xa1dabc2f069dea77!8m2!3d-33.3989482!4d-70.5860436!16s%2Fg%2F11vssvynp7!19sChIJ8S68wt_PYpYRd-qdBi-82qE?authuser=0&hl=es-419&rclk=1
2026-05-22T03:55:42.585Z Pausa 3719 ms: espera de ficha
2026-05-22T03:55:46.408Z Pausa 3230 ms: pausa entre fichas
2026-05-22T03:55:49.655Z Procesando 23/25
2026-05-22T03:55:49.660Z Abriendo ficha: https://www.google.com/maps/place/La+Bottega+Gandolini/data=!4m7!3m6!1s0x9662cf4dfed4eaa3:0x89afe16d74a64537!8m2!3d-33.4015235!4d-70.5941925!16s%2Fg%2F11s75sxv60!19sChIJo-rU_k3PYpYRN0WmdG3hr4k?authuser=0&hl=es-419&rclk=1
2026-05-22T03:55:49.860Z Pausa 4384 ms: espera de ficha
2026-05-22T03:55:54.373Z Pausa 2225 ms: pausa entre fichas
2026-05-22T03:55:56.601Z Procesando 24/25
2026-05-22T03:55:56.606Z Abriendo ficha: https://www.google.com/maps/place/El+Zocalo+Cocina+Mexicana+-+Vitacura/data=!4m7!3m6!1s0x9662cf2bae8a80ef:0xa093a6e2a726b23e!8m2!3d-33.4030374!4d-70.59089!16s%2Fg%2F11qqr1vytc!19sChIJ74CKrivPYpYRPrImp-Kmk6A?authuser=0&hl=es-419&rclk=1
2026-05-22T03:55:56.856Z Pausa 3466 ms: espera de ficha
2026-05-22T03:56:00.430Z Pausa 3369 ms: pausa entre fichas
2026-05-22T03:56:03.807Z Procesando 25/25
2026-05-22T03:56:03.811Z Abriendo ficha: https://www.google.com/maps/place/Beasty+Butchers/data=!4m7!3m6!1s0x9662cf66393061e5:0x3f3b099309823545!8m2!3d-33.40444!4d-70.5972107!16s%2Fg%2F11pd1vzyqz!19sChIJ5WEwOWbPYpYRRTWCCZMJOz8?authuser=0&hl=es-419&rclk=1
2026-05-22T03:56:04.026Z Pausa 3960 ms: espera de ficha
2026-05-22T03:56:08.097Z Pausa 4297 ms: pausa entre fichas
2026-05-22T03:56:12.406Z CSV creado: C:\Users\gabyp\Documents\SCRAPING_GOOGLE\data\comunas\vitacura_restaurantes_30.csv
2026-05-22T03:56:12.410Z RAW JSON creado: C:\Users\gabyp\Documents\SCRAPING_GOOGLE\data\comunas\vitacura_restaurantes_30_raw.json
2026-05-22T03:56:12.767Z XLSX creado: C:\Users\gabyp\Documents\SCRAPING_GOOGLE\data\comunas\vitacura_restaurantes_30.xlsx
2026-05-22T03:56:12.769Z Resumen final:
2026-05-22T03:56:12.772Z Total filas extraídas: 25
2026-05-22T03:56:12.773Z Total restaurantes válidos: 23
2026-05-22T03:56:12.774Z Total no válidos: 2
2026-05-22T03:56:12.777Z Teléfonos vacíos: 2
2026-05-22T03:56:12.779Z Direcciones vacías: 0
2026-05-22T03:56:12.780Z Sitios web vacíos: 3
2026-05-22T03:56:12.782Z Duplicados eliminados: 0
2026-05-22T03:56:12.783Z Fin scraper. Filas extraídas: 25
